
> playhub-gaming-mode@1.4.0 test
> tsc --noEmit && node --test tests/*.test.mjs

✔ passive upgrade reloads only Playhub once before concurrent RPC calls (113.6724ms)
✔ ordinary backend errors do not restart plugins or Decky (68.6354ms)
✔ Decky integration has dedicated copy in every supported language (1.5086ms)
✔ game menu label follows Steam language names and has a safe fallback (0.2716ms)
✔ control center restores valid unique tabs and retains a visible tab (0.406ms)
✔ reordering persists independently of hidden tabs and collapsed sections (5.5562ms)
✔ Store is second by default without rewriting an existing custom order (0.2339ms)
✔ Decky hosting defaults on, respects explicit disable and retains a usable tab (0.2181ms)
✔ hiding the active tab selects a visible sibling (0.204ms)
✔ unavailable Decky host keeps navigation accessible without overwriting hidden preferences (0.2321ms)
✔ panel copy covers all Playhub languages including Steam aliases (0.6501ms)
✔ helper packaging executes its allowlist without copying caches or arbitrary drivers (1942.7754ms)
✔ packaging includes backend, notices and integrated helpers (1.2339ms)
✔ Settings shares the actual native tab grid; editor remains independently scoped (117.6285ms)
﹣ native-width tab tracks stay equal through hiding, selection and hover (0.2042ms) # Set PLAYHUB_BROWSER_QA=1 for isolated Chromium geometry
✔ move preview keeps selection and does not write preferences; B cancels (1.829ms)
✔ confirm commits movement without toggling visibility or unrelated settings (0.2569ms)
✔ secondary commits movement without toggling visibility or unrelated settings (0.1554ms)
✔ A toggles visibility and keeps the selected editor tab (0.2353ms)
✔ the final usable tab cannot be hidden even when Decky is opted in but unavailable (0.4645ms)
✔ movement includes Decky even when native Steam hiding is disabled (0.2241ms)
✔ reset changes only tab order/visibility and preserves explicit Decky true (0.2238ms)
✔ reset changes only tab order/visibility and preserves explicit Decky false (0.1658ms)
✔ reset preserves the parent's default Decky opt-in (0.4625ms)
✔ all 12 locales cover footer, state and a scoped reset explanation (0.7654ms)
✔ editor uses native actions, stable keyed nodes and no legacy visibility/order controls (0.8651ms)
✔ disabled controller-navigable slider never invokes its callback (4.3835ms)
✔ finite slider input is clamped to the declared range (0.6424ms)
✔ slider rejects non-finite input NaN without scheduling a write (0.1736ms)
✔ slider rejects non-finite input Infinity without scheduling a write (0.1276ms)
✔ slider rejects non-finite input -Infinity without scheduling a write (0.137ms)
✔ invalid slider range NaN..40 cannot dispatch (0.1659ms)
✔ invalid slider range 4..Infinity cannot dispatch (0.1027ms)
✔ invalid slider range 40..4 cannot dispatch (0.0913ms)
✔ removed TDP has no control or unavailable card (0.2857ms)
✔ capability failure reason survives the mocked backend client (117.2502ms)
✔ TDP client rejects non-finite numbers before any RPC (70.2408ms)
✔ controller haptic intensity remains finite and bounded for invalid intensity input (9.0702ms)
✔ one argument-free direct RPC; no bootstrap imports or reloads (4.493ms)
✔ malformed, stale, loaded or hardware-capable data is rejected (0.4194ms)
✔ file status is not controller support, and no backend is unavailable (0.7772ms)
✔ bounded timeout ignores late RPC success without retry (29.2001ms)
✔ unknown fields are not propagated and localization has an English fallback (0.4109ms)
✔ proposed actual panel is inert until click and suppresses double dispatch (29.8411ms)
✔ proposed panel ignores a response after unmount (11.8693ms)
✔ receiver identity alone never proves gyro or stick support (1.7542ms)
✔ native capability bits gate navigation, with no settings writes (0.4165ms)
✔ missing capability data is distinct from unsupported hardware (0.1763ms)
✔ disconnect and index reuse are revalidated at click time (0.1816ms)
✔ missing runtime, no game, malformed indices and duplicate reports fail closed (0.3107ms)
✔ all 12 locales and Steam aliases contain reason and action copy (0.5599ms)
✔ three isolated slots persist and reload validated independent profiles (15.3459ms)
✔ schema rejects unknown versions, extra fields, malformed mappings and non-finite zones (0.4703ms)
✔ corrupt and unavailable storage are reported without overwriting stored data (0.3469ms)
✔ many-to-one, disabled buttons and release are deterministic without mutating input (0.4752ms)
✔ radial deadzones neutralize center, rescale, preserve direction and bound diagonals (0.8125ms)
✔ invalid synthetic frames fail closed; no support inferred from USB identities (0.3552ms)
✔ production panel does not expose the synthetic profile editor (0.69ms)
✔ native actions are grouped, described and carry a localized footer action (39.3103ms)
✔ unsupported capabilities and absent game are explanatory, not interactive (54.5532ms)
✔ no device exposes no native or simulated actions (14.7676ms)
✔ native click uses real route helper and disconnect fails closed with translated feedback (15.7453ms)
✔ all twelve locales supply every new description and retain Steam language aliases (233.7721ms)
﹣ isolated Chromium layout contains localized action text at QAM widths with stable focus (0.1503ms) # SKIP
✔ history interludes participate in horizontal controller navigation (0.9057ms)
✔ every dated game heading can render its cover beside right aligned metadata (0.1896ms)
﹣ app picker last-row focus stays inside its scrollport and above the footer (1.0157ms) # Set PLAYHUB_BROWSER_QA=1 with Playwright available for offline geometry QA
﹣ process viewport shows five complete rows initially and after focus scrolling (0.1171ms) # Set PLAYHUB_BROWSER_QA=1 with Playwright available for offline geometry QA
﹣ window title grows with the approved card expansion without changing title-row height (0.0909ms) # Set PLAYHUB_BROWSER_QA=1 with Playwright available for offline geometry QA
✔ the reserved band is Steam's actual footer, measured, not a hardcoded 64px (1.3589ms)
✔ the page reserves the measured band and the picker grid owns the whole scrollport (0.6934ms)
✔ window rail predicts expanded geometry without a delayed snap or card cap (1.321ms)
✔ directional focus is not delayed by the hover animation (0.3095ms)
✔ app picker and process list have bounded scrolling and no picker cancel button (0.197ms)
✔ failed native overlay never forces desktop focus for a running game (5.9705ms)
✔ ready native overlay navigates without OS focus calls (9.3073ms)
✔ desktop-only opening keeps its separate focus behavior (2.8361ms)
✔ obsolete global focus rescue is removed but desktop constant remains (4.2611ms)
✔ Steam shortcut/emulator game IDs retain 64-bit precision (1.0622ms)
✔ ambiguous games fail closed, selected running app resolves identity (0.1802ms)
✔ missing browser identity and Lossless Scaling are not game targets (0.1305ms)
✔ only exact native gamepad overlay identity can receive the portal (0.2589ms)
✔ closed and inaccessible browsers are ignored (0.2009ms)
✔ browser readiness retries are bounded (0.4592ms)
✔ late browser readiness succeeds and cancellation stops stale open (0.2329ms)
✔ portal target changes do not close the native overlay (1.5186ms)
✔ native state is locally navigated, updated, filtered and disposed (2.2579ms)
✔ unsupported native state is rejected before subscribing (0.4933ms)
✔ synchronous projection ownership conflict survives bootstrap and toggles until a fresh runtime (157.1198ms)
✔ cold start retries persisted preference and deferred host without opening settings (349.9081ms)
✔ late bootstrap preference cannot override a user toggle or revive an unloaded runtime (145.0494ms)
✔ native visibility toggles keep the committed Playhub host mounted (92.6649ms)
✔ legacy host without independent visibility never receives suppressing readiness (113.5269ms)
✔ disabling host publishes one atomic restored OFF snapshot (69.483ms)
✔ failed native restore keeps host ownership and can retry OFF (76.73ms)
✔ OFF bootstrap, opt-in, commit, OFF release, idempotent unload (46.15ms)
✔ older bridge cannot acquire or suppress; capability loss restores (146.0417ms)
✔ root failures latch safely until explicit opt-in retry; pagehide restores (54.6367ms)
✔ runtime selects standalone without Shortcuts and switches cooperative ownership (49.5568ms)
✔ a healthy replacement owner clears only the previous owner's failure (79.523ms)
✔ host component keeps native root and commits before activation; rejects CSS ancestors (177.3396ms)
✔ inactive host is excluded from Steam's child focus graph and browser focus (14.1243ms)
✔ native retained tab and content become inert; rollback restores exact identity and attributes (1.8943ms)
✔ focus rollback does not overwrite later foreign attribute ownership (0.2386ms)
✔ Steam FocusRing navigation consumes bottom escape only after internal geometry is exhausted (51.2598ms)
﹣ installed Shortcuts renderer preserves ownership, refresh and detach with native Decky identity (0.7766ms) # SKIP
✔ mounted tab observer sees host-ready removal without native render, input or resize (164.6221ms)
✔ QAM reopen replaces array and DOM with same committed lease; first observer frame is projected (75.7919ms)
✔ reactive bridge wraps native tab consumers only and uses immutable subscribed snapshots (102.4105ms)
✔ projection bridge retries late QAM module once, unpatches idempotently, and stops retained handlers (28.3983ms)
✔ installed Steam tab consumer mounts subscription through retained QAM fiber and actual DFL tree patcher (205.5374ms)
✔ installed Steam tab consumer drops native Decky on preference alone, with no lease acquired (252.8486ms)
✔ late mounted root attaches once and failed unpatch does not skip owned fiber cleanup (16.6049ms)
✔ foreign fiber installed before late attachment is preserved and reports fail-closed conflict (29.749ms)
✔ old mounted subscriber receives new module content and late old cleanup cannot restore over new owner (85.8844ms)
✔ subscriptions are individually owned and pending old notification reads newest published snapshot (54.6746ms)
✔ new generation focus owner preserves native baseline across late old restore (88.8303ms)
✔ repeated hide preserves a foreign focus baseline changed between writes (38.8032ms)
✔ foreign registry remains untouched and bridge fails closed without patching Steam (60.6689ms)
✔ cross-generation component marker prevents nested projection wrappers (93.6607ms)
✔ exact deployed legacy local-store consumer migrates once by wrapper key on native render (82.7674ms)
✔ render fault leaves Steam untouched and latches passthrough until reinstallation (18.6183ms)
✔ foreign projection conflict releases the host only after Steam render returns (15.5175ms)
✔ render burst guard disables the projection instead of looping Steam's renderer (40.5831ms)
✔ one tab array yields one store object, so subscribe identity is stable across renders (28.6271ms)
✔ retained Decky sibling wrapper is preserved while projection attaches and cleans up (21.2942ms)
✔ native Decky is suppressed by preference alone, before any host lease is acquired (159.53ms)
✔ standing suppression keeps Decky reachable and is released on stop (67.1182ms)
✔ a mounted lease still owns suppression and the standing path never double-projects (42.3048ms)
✔ suppression is preference-driven, notifies once per change and fails open without Playhub's tab (181.671ms)
✔ a renumbered Playhub tab from the current owner is honoured (35.8819ms)
✔ the projection component hides the native tab for any QAM owner, with no lease involved (63.2988ms)
✔ device rows show name/GPU/storage and edition before Windows version (38.8748ms)
✔ unknown capacity remains unavailable instead of an invented zero (17.0712ms)
✔ Device information contains no Windows Update action (10.7038ms)
✔ 12 locales contain device labels and localized error/loading states (0.7158ms)
✔ audio polling preserves a pending microphone draft while updating endpoint readback (22.94ms)
✔ rapid endpoint selection does not install the earlier acknowledgement (3.9789ms)
✔ input switch cancels microphone debounce before any volume RPC (7.1285ms)
✔ in-flight microphone write completes on old endpoint before input switch; old ack cannot rewrite new state (3.756ms)
✔ microphone input made during endpoint switch targets only the confirmed new endpoint (20.745ms)
✔ successful display change opens one modal and blocks overlapping begin (8.9243ms)
✔ failed audio write restores authoritative selection instead of leaving optimistic state (3.5169ms)
✔ audio polling started before a write cannot overwrite its readback (3.3524ms)
✔ real TS handlers/client and Python coordinator apply, read back, keep, rollback and recover lost RPCs (1263.577ms)
✔ input and output endpoint writes are serialized and preserve the latest full snapshot (2.2123ms)
✔ lost finish response can be retried idempotently without starting another transaction (1.4451ms)
✔ remount reconciles a backend preview without a second begin (2.0806ms)
✔ lost begin response reconciles the applied preview and restores its confirmation (1.4162ms)
✔ lost terminal response eventually releases local busy state after backend becomes idle (1.4269ms)
✔ lost keep response recovers the terminal result without sending an inverse write (1.1843ms)
✔ recovery_required blocks begin until the backend reports idle (1.2929ms)
✔ unavailable transaction status fails closed on first mount (1.1602ms)
✔ late begin response after unmount does not open an orphan modal (2.3222ms)
✔ native Steam levels and gain increase across the whole slider (1.1662ms)
✔ gain is bounded and sound shape remains reflected in the output (0.9945ms)
✔ Steam Controller commands follow live settings and maximum emits two full pulses (163.6864ms)
✔ chapter keeps assigned photograph regardless of chapter position (1.1774ms)
✔ missing assigned image never borrows a different subject or photograph (0.1683ms)
✔ game chapter excludes cover and creator portraits (0.2276ms)
✔ cover is available only when explicitly requested (0.1497ms)
✔ news keeps native row objects and reorders without cloning their contents (1.6657ms)
✔ Audio and Video render directly even if previous categories were collapsed (1.0114ms)
✔ news survives a Steam shelf disappearing during refresh (0.2016ms)
﹣ news titles keep four whole lines and equal cards with broken artwork (0.7734ms) # SKIP
✔ applying Gaming Mode does not rewrite any saved preference (2.0625ms)
✔ Explorer closure is session scoped, bounded, verified and does not alter the shell registry (0.268ms)
✔ Explorer startup verifies the desktop shell rather than a folder process (0.1802ms)
✔ desktop-exit signal expires and is cleared before another mode switch starts (0.3409ms)
✔ live-switch curtain covers application and always hides before gate release (0.2622ms)
✔ desktop app waits for mode completion and does not offer Dashboard disable or test controls (12.1641ms)
✔ animation color previews three channels in a full swatch and hint follows the accent button (1.1304ms)
✔ Explorer autostart and agent launches share a Decky startup lock (1.5323ms)
✔ desktop transition stops Decky before Explorer and only ensures one replacement (0.6566ms)
✔ mode confirmation asks a localized question with Ok and Cancel (0.262ms)
✔ live mode transition reuses configured mode application without changing login defaults (0.3652ms)
✔ QAM and power menu switch commands use translated live labels and never restart (1.3622ms)
✔ en: actual mode buttons retain literal two-line product names (18.2536ms)
✔ it: actual mode buttons retain literal two-line product names (7.0766ms)
✔ es: actual mode buttons retain literal two-line product names (7.0567ms)
✔ fr: actual mode buttons retain literal two-line product names (8.1277ms)
✔ de: actual mode buttons retain literal two-line product names (17.7505ms)
✔ pt: actual mode buttons retain literal two-line product names (27.075ms)
✔ uk: actual mode buttons retain literal two-line product names (5.3599ms)
✔ zh: actual mode buttons retain literal two-line product names (9.1085ms)
✔ ja: actual mode buttons retain literal two-line product names (7.5644ms)
✔ ko: actual mode buttons retain literal two-line product names (7.8995ms)
✔ hi: actual mode buttons retain literal two-line product names (13.1316ms)
✔ ru: actual mode buttons retain literal two-line product names (18.1619ms)
✔ mode label calls cannot revive locale-dependent splitting and retain two fixed rows (2.2803ms)
✔ versioned guide advances only on native facts and explicit final confirmation (1.7223ms)
✔ the closing slide completes with no visible tab list, so A can never leave it stuck (0.2987ms)
✔ pause/resume and interrupted progress preserve completion semantics (0.2588ms)
✔ portal geometry converts scaled and offset QAM coordinates into its visible local bounds (0.9046ms)
✔ 855px transparent BrowserView clamps coach to actual 300px Steam content pane (0.6156ms)
✔ anchor observer coalesces and cleans old documents without polling (5.8283ms)
✔ coach geometry keeps text region above footer on handheld and desktop (0.7924ms)
✔ hidden native BrowserView schedules readiness on the visible shared renderer, not its suspended rAF (98.7743ms)
✔ QAM is only the anchor source; main BPM owns the tooltip and missing bounds hide it (65.5816ms)
✔ pause wins before a pending native selection and subsequent unrelated navigation (84.9187ms)
✔ closing QAM hides current slide without restarting intro; reopening resumes progress (30.6707ms)
✔ runtime waits for QAM, owner anchor and native selection; completes once after presentation (70.1013ms)
✔ disabled Decky stays disabled, B pauses, controller/doc changes refresh and cleanup (36.6685ms)
✔ all twelve locales supply complete distinct copy without fixed controller combinations (35.2834ms)
✔ storage failure, interrupted restart and failed native routing never mark completed (69.5086ms)
✔ onboarding UI uses a transparent nonmodal portal and no global controller interception (0.8937ms)
✔ Store and customization require a separate manual confirmation each (31.2487ms)
✔ Steam guide blocks start and mid-guide actions without completing Playhub (28.852ms)
✔ intro confirm opens the native QAM but never advances before actual open and correct anchor (51.7124ms)
✔ unstable QAM rejects confirmation even with an old presentation, then accepts stable presentation (32.3513ms)
✔ partially clipped anchors are never used for a coachmark (1.3325ms)
✔ failed QAM open restores visible intro and an old session cannot mutate replay (74.5901ms)
✔ closing QAM before native anchor mounts never resurrects the intro (35.8303ms)
✔ blocked Steam state clears stale bounds while retaining last observed native diagnostics (29.8611ms)
✔ Decky, Store and settings activate before tooltip; held A cannot advance the newly mounted step (65.6153ms)
✔ first step opens actual Home before text regardless of previous tab and waits for mounted content (23.0761ms)
✔ synchronous tab commit cannot be overwritten by the outer stale refresh (44.3174ms)
✔ confirm cannot consume a slide first presented synchronously during its readiness refresh (15.7521ms)
✔ visible navigation drives every slide in real order, with readiness and monotone hidden-step progress (0.5166ms)
✔ runtime opens each newly supported tab and waits for its actual content and anchor (79.5639ms)
✔ Steam OK advances customize with one press, closes QAM, and cannot skip the outro while held (27.4492ms)
✔ intro remains visible before dynamic tab markers exist and opening waits for their real order (21.4106ms)
✔ all twelve locales cover the four added tabs and actual settings, preserving approved Home and Decky (9.0667ms)
✔ hidden internal tabs are skipped without changing preferences and QAM close releases temporary selection (11.5719ms)
✔ showcase activates real internal views temporarily without changing persisted selection/hidden tabs (119.451ms)
✔ content readiness needs mounted, visible content and respects real ancestor clipping (95.8325ms)
✔ ControlCenter uses ephemeral selection and committed content readiness without changing host focus ownership (0.9588ms)
✔ the estimated QAM band is a right-aligned full-height overestimate, or nothing (2.0209ms)
✔ withheld native bounds fall back to an estimated band instead of a captured, empty QAM (71.2901ms)
✔ a viewport too small for a readable band keeps the step withheld rather than misplaced (40.2406ms)
✔ a showcase that can never present hands the QAM back instead of holding it captive (38.4033ms)
✔ a presentable step is never mistaken for a stuck showcase (40.2785ms)
✔ the QAM band is measured from Steam's placeholder before any estimate is used (2.2155ms)
✔ a confirmed step holds input until the next slide exists, and never past its timeout (47.0582ms)
✔ the shield is released once the next slide is computed (30.0704ms)
✔ a single input always advances one slide, even pressed before the slide settles (38.444ms)
✔ a kept press is dropped when the guide moves on or is paused instead of firing later (44.6442ms)
✔ a press lands even when the slide never reports itself as settled (25.3583ms)
✔ a slide that does settle is confirmed at once, without waiting out the grace (33.6629ms)
✔ each view renders only its distinct decorative motif, keyed for mount restart (1.8315ms)
✔ no JS clocks, effects, observers, runtime IO or layout measurement (0.3373ms)
✔ stable responsive region is unframed and inert (0.2547ms)
✔ all keyframes animate only transform and opacity (0.4648ms)
✔ store gathers three sources into one catalogue, distinct from the Store page motif (0.8002ms)
✔ the closing slide uses the wordmark instead of an illustration (0.3998ms)
✔ the caller can scale the region without breaking the narrow-container shrink (0.2178ms)
✔ reduced motion explicitly freezes every motif in a visible static composition (0.216ms)
✔ every added tab has multiple coordinated semantic moving parts (0.4003ms)
✔ native 855x682 QAM anchors convert from the exact BrowserView into main CSS coordinates (1.2609ms)
✔ different BrowserView scales and offsets are measured, never derived from the 300px controls pane (1.2403ms)
✔ unmeasured or cramped QAM hides the tooltip instead of overlapping or clamping its caret (0.2424ms)
✔ native BrowserView lookup binds by QAM document identity and only reads GetBounds (0.5139ms)
✔ unframed text has no pointer, card or extra blur; Store stacking remains isolated (3.5808ms)
✔ actual Store component measures wrapper padding and clips exactly at the real button bottom (105.3751ms)
✔ BrowserView discovery uses committed fibers before Playhub content registers (0.3944ms)
✔ BrowserView discovery is cached across document lookup and bounds reads, invalidated on replacement or mount (0.6684ms)
✔ showcase matrix centers unframed text independently of anchor, within footer boundaries (3.1553ms)
✔ scaled main portal keeps centered text entirely left of native QAM (1.3899ms)
✔ observer ignores own overlays and unrelated assets but retains readiness and mount signals (0.6829ms)
✔ QAM stability requires consecutive visible frames and resets on movement, closure and resize (0.4516ms)
✔ Steam first-run unknown blocks; seen-at-mount cannot release an active tour (1.3177ms)
✔ first-run with no history needs observed lifecycle completion; existing users need known renderer and manager (0.181ms)
✔ read-only probe checks current committed native renderer, not an independent tour hook (4.8355ms)
✔ native completion subscription is read-only and fully released (5.4286ms)
✔ cached custom QAM chord is controller-specific and rejects complex or stale bindings (1.3157ms)
✔ while a slide is on screen the guide owns confirm and back, including matching release (71.1349ms)
✔ a confirm is reported once per fresh press, whatever it is aimed at (48.2598ms)
✔ pointer coach and CTA request confirmation once; pause cannot bubble and carried clicks are ignored (126.7714ms)
✔ held A that skips Steam video needs release and a fresh down before onboarding confirmation (33.3782ms)
✔ actual QAM document and dynamic owner tab ID win over main document (30.6297ms)
✔ plugin init/mount/unload and ControlCenter anchors/replay are wired without resume button (1.5453ms)
✔ B cannot leave the guide or open Steam's side menus behind it (33.0121ms)
✔ onboarding follows current loader owner ID across legacy and standalone Decky hosting (38.6432ms)
✔ integration samples QAM stability on animation frames, not reads; movement and close hide immediately (79.0086ms)
✔ Enter requires fresh down/up across documents and readiness, ignores editors and prevents native synthetic click (43.688ms)
✔ lost Enter release clears on popup blur or detach without advancing (24.7693ms)
✔ native QAM opener times out cleanly and replay/unload cancel pending intro timers (37.0198ms)
✔ the guide still owns input between a confirmed slide and the next one (34.643ms)
✔ input is bound on every candidate document, not only the selected one (0.6043ms)
✔ real microphone RPC client forwards the expected endpoint without dropping it (53.2531ms)
✔ audio/video dropdowns use full-width native layout without fabricated endpoint defaults (9.1435ms)
✔ actual volume, microphone and brightness handlers preserve conversion and timing (35.3663ms)
✔ onVolume: actual RPC promise blocks overlap and suppresses stale failure (33.8423ms)
✔ onBrightness: actual RPC promise blocks overlap and suppresses stale failure (16.5195ms)
✔ onMicVolume: actual RPC promise blocks overlap and suppresses stale failure (24.6737ms)
✔ rerender retains queued work but uses current callbacks and localized error (21.194ms)
✔ actual hook cleanup cancels all queued channels and late errors (20.8855ms)
✔ microphone accepts verified readback without replacing other audio fields (13.5884ms)
✔ microphone rejects unconfirmed readback {"ok":false,"input_volume":50} (17.6291ms)
✔ microphone rejects unconfirmed readback {"ok":true,"input_volume":50} (12.573ms)
✔ microphone rejects unconfirmed readback {"ok":true,"endpoint_id":"mic-b","input_volume":50} (10.5403ms)
✔ microphone rejects unconfirmed readback {} (13.6176ms)
✔ microphone rejects unconfirmed readback null (10.7274ms)
✔ microphone rejects unconfirmed readback {"ok":true} (10.4116ms)
✔ microphone rejects unconfirmed readback {"ok":true,"input_volume":"50"} (9.7344ms)
✔ microphone rejects unconfirmed readback {"ok":true,"input_volume":null} (13.6965ms)
✔ microphone rejects unconfirmed readback {"ok":true,"input_volume":null} (20.6146ms)
✔ microphone rejects unconfirmed readback {"ok":true,"input_volume":-1} (9.1132ms)
✔ microphone rejects unconfirmed readback {"ok":true,"input_volume":101} (11.111ms)
✔ microphone rejects unconfirmed readback {"ok":true,"input_volume":20} (9.619ms)
✔ microphone stale success cannot replace newer draft, and late success cannot update after unmount (10.279ms)
✔ microphone slow failure reconciliation cannot overwrite rapid new input (19.7632ms)
✔ microphone offline failure restores last confirmed value without claiming success (11.5105ms)
✔ controller repeats coalesce only after the last input settles (1.9685ms)
✔ slow writes serialize and stale readback cannot replace newer intent (0.6631ms)
✔ ready latest value starts when in-flight write settles, even on failure (1.9504ms)
✔ unmount cancels unsent writes and ignores callbacks already queued by host (0.2534ms)
✔ unmount does not undo an in-flight write or publish its late result (0.3311ms)
✔ resource change cancels queued work and invalidates previous readback (0.3202ms)
✔ superseded host timer cannot flush a newer request early (0.2016ms)
✔ invalid settle duration is rejected (0.488ms)
✔ every native catalog plugin uses its real desktop JPG, with the existing Shortcuts JPG exception (20.3609ms)
✔ cover fallbacks prefer offline artwork then real catalog/README media before GitHub previews (1.1252ms)
✔ repository media reject schemes and invalid repository/branch values (0.7389ms)
✔ description parser uses a real inert browser DOM and emits reader-compatible Markdown (853.6405ms)
✔ canonical catalog parses without duplicating content and hides the integrated Playhub plugin (33.1305ms)
✔ unsafe catalog entries and download URLs fail closed (0.5242ms)
✔ search, source filters and installed updates are deterministic (1.5912ms)
✔ newest uses the first release even when an older plugin gets an update or joins the catalog (0.4784ms)
✔ featured selection is deterministic, mixes Playhub with the requested Decky plugins and excludes duplicate CSS Loader entries (0.631ms)
✔ version comparison handles prefixes, prereleases, build metadata and Decky revisions without false updates (0.9254ms)
✔ release resolver prefers the named real ZIP and carries Decky hashes (2.9173ms)
✔ release resolver prefers plugin installers over unrelated and source archives (1.6629ms)
✔ a GitHub tag is ignored until its current release has a compatible installer (0.479ms)
✔ only the resolved installable release carries its version and notes (0.3281ms)
✔ native Store confirms single installs and does not offer bulk updates (4.9966ms)
✔ native Store never requests a Decky restart or shares restart preferences (0.3229ms)
✔ confirmation controls use localized Store copy (0.2946ms)
✔ native Store has Discover, Search and Manage tabs in that order (2.5051ms)
✔ Featured is one controller-driven slide with no timer (0.493ms)
✔ details group artwork left and metadata right, with activatable media (0.2801ms)
✔ back press suppression survives a detail-to-category remount (0.1589ms)
✔ the Store uses rows only and removes obsolete browse controls (0.3699ms)
✔ sorting is shown at the right and opened with X instead of a focusable dropdown (0.3589ms)
✔ search is compact, has no clear X, no installed-only switch and keeps filters (0.313ms)
✔ browse rows open details while Manage exposes only icon actions (0.3265ms)
✔ covers and graphical source badges are used in rows, Featured and details (0.2404ms)
✔ detail media follows actions and the reader supports A, B and smooth scrolling (0.3919ms)
✔ filters remain mounted for empty collections and layouts remain bounded (0.3773ms)
✔ detail and category back actions stay inside the Store (0.2015ms)
✔ QAM Store has an untitled section and a download animation before the description (0.4785ms)
✔ QAM download animation follows button width rather than description length (0.9846ms)
﹣ actual Store clipping edge follows the real button bottom with native wrapper padding (0.083ms) # Set PLAYHUB_BROWSER_QA=1 for isolated Chromium geometry
✔ install/update requests use Decky's real utility route and action type (63.396ms)
✔ operation type follows Decky's install semantics (19.612ms)
✔ operation type matches an installed plugin through its aliases (21.3484ms)
✔ uninstall opens Decky's native confirmation with the loader as receiver (23.0394ms)
✔ uninstall rejects unsafe or empty plugin names before opening a dialog (25.6068ms)
✔ uninstall reports when Decky's native confirmation API is unavailable (23.2594ms)
✔ install fails closed when Decky's backend is unavailable (38.8951ms)
✔ installed state is read from Decky's public state (27.7312ms)
✔ install and update requests are serialized while uninstall remains independent (17.2558ms)
✔ global progress is fail-closed while events from multiple plugins overlap (13.9128ms)
✔ native functional observer power menu is injected before its first mount (5.7032ms)
✔ menu already mounted in Steam popup gains both actions (3.0169ms)
✔ menu mounted after installation is patched on its first opening (2.1255ms)
✔ Steam popup created after installation is discovered and patched (1.216ms)
✔ recreated Steam popup receives a fresh idempotent patch (1.4008ms)
✔ plugin reload removes the old patch and reapplies it once (1.1772ms)
✔ overlapping reload lifecycles keep one patch until the last cleanup (4.635ms)
✔ cleanup cancels work, disconnects observers and restores native render (8.9446ms)
✔ 40 menu reconstructions never duplicate actions (3.8035ms)
✔ bound Steam menu render is patched (1.9988ms)
✔ translated native row does not affect token-based discovery (1.2037ms)
✔ ordinary menus stay untouched (1.0611ms)
✔ single restart child gains both actions (1.1527ms)
✔ cold native registry and QAM DOM defer suppression until ready, without duplicate projection (80.0835ms)
✔ older Shortcuts keeps ownership while Playhub hosts and hides Decky (52.6166ms)
✔ standalone first tab, identity, hide/show, cleanup and restart cache (111.5633ms)
✔ bridge takes ownership synchronously, preferences win, and toggle delegates (46.9184ms)
✔ unknown renderer and older Shortcuts are not wrapped (56.5902ms)
✔ boot with Shortcuts disabled preserves Playhub preference true (23.868ms)
✔ disabling Shortcuts restores standalone, saved=true, stale bridge=false (31.9531ms)
✔ disabling Shortcuts restores standalone, saved=true, stale bridge=true (22.8812ms)
✔ boot with Shortcuts disabled preserves Playhub preference false (23.7386ms)
✔ disabling Shortcuts restores standalone, saved=false, stale bridge=false (29.2645ms)
✔ disabling Shortcuts restores standalone, saved=false, stale bridge=true (14.6997ms)
✔ all twelve locales have dedicated labels (15.047ms)
✔ standalone host preserves native root, hides only after commit, survives inactive tab and restores (18.609ms)
✔ standalone host restores original Decky on hidden (19.5926ms)
✔ standalone host restores original Decky on health (15.9399ms)
✔ standalone host restores original Decky on root (14.8685ms)
✔ standalone host restores original Decky on unload (12.4833ms)
✔ standalone host restores original Decky on bridge (13.8367ms)
✔ standalone host restores original Decky on render_error (20.792ms)
✔ a fault in our own render work detaches the hook instead of crashing Steam (10.2063ms)
✔ QAM fields explicitly disable native separators: quickSettings/index.tsx (68.0931ms)
✔ QAM fields explicitly disable native separators: index.tsx (25.0773ms)
✔ QAM fields explicitly disable native separators: PlayhubQamToggle.tsx (1.1874ms)
✔ QAM fields explicitly disable native separators: ControlCenter.tsx (9.6553ms)
✔ standalone migration serializes loader shutdown, bounded archive retries and one guarded restart (1.413ms)
✔ migration retains the old plugin outside Decky scanning and never overwrites user profiles (4.9994ms)
✔ dropdown uses the Controller native DropdownItem pattern and preserves callback (1.1326ms)
✔ Audio and Video section names stay separate for twelve locales and Steam aliases (33.038ms)
﹣ hash-only native Controller structure retains full width, native padding and label alignment (0.185ms) # SKIP
✔ every RPC the frontend calls exists on the Python plugin (48.3666ms)
✔ the display transaction RPCs are declared, exported and consumed (6.4623ms)
✔ the confirmation dialog offers keep and revert with a countdown (0.7933ms)
✔ a failed audio change reports its own reason, not "no devices" (0.7567ms)
✔ third and fourth default tabs are Video and Audio without rewriting saved tab IDs (125.5302ms)
✔ audio and video route separately; energy profile and RTSS are absent from controls (0.9143ms)
✔ settings hide bumper hints and restore/replay use the same native button style (0.7634ms)
✔ introduction contains no retired power or FPS pitch (0.4549ms)
✔ saved order survives a reload and appends newly discovered shortcuts (1.8067ms)
✔ moving to a destination works in both directions (0.3356ms)
✔ cancel restores the snapshot without persisting the temporary order (0.2385ms)
✔ malformed persisted values fail closed (0.1732ms)
ℹ tests 407
ℹ suites 0
ℹ pass 398
ℹ fail 0
ℹ cancelled 0
ℹ skipped 9
ℹ todo 0
ℹ duration_ms 2867.3544
