
> playhub-gaming-mode@1.4.0 test
> tsc --noEmit && node --test tests/*.test.mjs --test-name-pattern=history|onboarding

✔ passive upgrade reloads only Playhub once before concurrent RPC calls (108.2898ms)
✔ ordinary backend errors do not restart plugins or Decky (17.1001ms)
✔ Decky integration has dedicated copy in every supported language (1.3417ms)
✔ game menu label follows Steam language names and has a safe fallback (0.231ms)
✔ control center restores valid unique tabs and retains a visible tab (0.3685ms)
✔ reordering persists independently of hidden tabs and collapsed sections (1.5772ms)
✔ Store is second by default without rewriting an existing custom order (0.2464ms)
✔ Decky hosting defaults on, respects explicit disable and retains a usable tab (0.283ms)
✔ hiding the active tab selects a visible sibling (0.1696ms)
✔ unavailable Decky host keeps navigation accessible without overwriting hidden preferences (0.2056ms)
✔ panel copy covers all Playhub languages including Steam aliases (1.1692ms)
✔ helper packaging executes its allowlist without copying caches or arbitrary drivers (1905.3607ms)
✔ packaging includes backend, notices and integrated helpers (1.4801ms)
✔ Settings shares the actual native tab grid; editor remains independently scoped (131.5635ms)
﹣ native-width tab tracks stay equal through hiding, selection and hover (0.2873ms) # Set PLAYHUB_BROWSER_QA=1 for isolated Chromium geometry
✔ move preview keeps selection and does not write preferences; B cancels (2.0062ms)
✔ confirm commits movement without toggling visibility or unrelated settings (0.2866ms)
✔ secondary commits movement without toggling visibility or unrelated settings (0.167ms)
✔ A toggles visibility and keeps the selected editor tab (0.2798ms)
✔ the final usable tab cannot be hidden even when Decky is opted in but unavailable (0.2345ms)
✔ movement includes Decky even when native Steam hiding is disabled (0.2066ms)
✔ reset changes only tab order/visibility and preserves explicit Decky true (0.5855ms)
✔ reset changes only tab order/visibility and preserves explicit Decky false (0.23ms)
✔ reset preserves the parent's default Decky opt-in (0.2386ms)
✔ all 12 locales cover footer, state and a scoped reset explanation (0.8946ms)
✔ editor uses native actions, stable keyed nodes and no legacy visibility/order controls (0.7172ms)
✔ disabled controller-navigable slider never invokes its callback (1.9857ms)
✔ finite slider input is clamped to the declared range (0.3138ms)
✔ slider rejects non-finite input NaN without scheduling a write (0.143ms)
✔ slider rejects non-finite input Infinity without scheduling a write (0.097ms)
✔ slider rejects non-finite input -Infinity without scheduling a write (0.1243ms)
✔ invalid slider range NaN..40 cannot dispatch (0.1617ms)
✔ invalid slider range 4..Infinity cannot dispatch (0.1441ms)
✔ invalid slider range 40..4 cannot dispatch (0.1314ms)
✔ removed TDP has no control or unavailable card (0.2431ms)
✔ capability failure reason survives the mocked backend client (94.7696ms)
✔ TDP client rejects non-finite numbers before any RPC (45.1612ms)
✔ controller haptic intensity remains finite and bounded for invalid intensity input (15.5024ms)
✔ one argument-free direct RPC; no bootstrap imports or reloads (5.4102ms)
✔ malformed, stale, loaded or hardware-capable data is rejected (0.5801ms)
✔ file status is not controller support, and no backend is unavailable (0.7613ms)
✔ bounded timeout ignores late RPC success without retry (22.5144ms)
✔ unknown fields are not propagated and localization has an English fallback (0.4397ms)
✔ proposed actual panel is inert until click and suppresses double dispatch (19.1488ms)
✔ proposed panel ignores a response after unmount (21.3696ms)
✔ receiver identity alone never proves gyro or stick support (5.798ms)
✔ native capability bits gate navigation, with no settings writes (2.453ms)
✔ missing capability data is distinct from unsupported hardware (0.1679ms)
✔ disconnect and index reuse are revalidated at click time (0.143ms)
✔ missing runtime, no game, malformed indices and duplicate reports fail closed (0.2806ms)
✔ all 12 locales and Steam aliases contain reason and action copy (0.5388ms)
✔ three isolated slots persist and reload validated independent profiles (3.7243ms)
✔ schema rejects unknown versions, extra fields, malformed mappings and non-finite zones (0.7135ms)
✔ corrupt and unavailable storage are reported without overwriting stored data (0.4469ms)
✔ many-to-one, disabled buttons and release are deterministic without mutating input (0.6186ms)
✔ radial deadzones neutralize center, rescale, preserve direction and bound diagonals (1.4045ms)
✔ invalid synthetic frames fail closed; no support inferred from USB identities (0.3525ms)
✔ production panel does not expose the synthetic profile editor (2.3648ms)
✔ native actions are grouped, described and carry a localized footer action (61.6423ms)
✔ unsupported capabilities and absent game are explanatory, not interactive (38.7787ms)
✔ no device exposes no native or simulated actions (37.2969ms)
✔ native click uses real route helper and disconnect fails closed with translated feedback (16.0702ms)
✔ all twelve locales supply every new description and retain Steam language aliases (304.1065ms)
﹣ isolated Chromium layout contains localized action text at QAM widths with stable focus (0.1371ms) # SKIP
﹣ app picker last-row focus stays inside its scrollport and above the footer (0.6899ms) # Set PLAYHUB_BROWSER_QA=1 with Playwright available for offline geometry QA
﹣ process viewport shows five complete rows initially and after focus scrolling (0.1089ms) # Set PLAYHUB_BROWSER_QA=1 with Playwright available for offline geometry QA
﹣ window title grows with the approved card expansion without changing title-row height (0.0919ms) # Set PLAYHUB_BROWSER_QA=1 with Playwright available for offline geometry QA
✔ the reserved band is Steam's actual footer, measured, not a hardcoded 64px (2.571ms)
✔ the page reserves the measured band and the picker grid owns the whole scrollport (0.8731ms)
✔ window rail predicts expanded geometry without a delayed snap or card cap (1.022ms)
✔ directional focus is not delayed by the hover animation (0.2582ms)
✔ app picker and process list have bounded scrolling and no picker cancel button (0.211ms)
✔ failed native overlay never forces desktop focus for a running game (5.6386ms)
✔ ready native overlay navigates without OS focus calls (1.3072ms)
✔ desktop-only opening keeps its separate focus behavior (0.7916ms)
✔ obsolete global focus rescue is removed but desktop constant remains (0.4295ms)
✔ Steam shortcut/emulator game IDs retain 64-bit precision (1.0754ms)
✔ ambiguous games fail closed, selected running app resolves identity (0.2761ms)
✔ missing browser identity and Lossless Scaling are not game targets (0.1807ms)
✔ only exact native gamepad overlay identity can receive the portal (0.3056ms)
✔ closed and inaccessible browsers are ignored (0.1966ms)
✔ browser readiness retries are bounded (0.6618ms)
✔ late browser readiness succeeds and cancellation stops stale open (0.304ms)
✔ portal target changes do not close the native overlay (1.1478ms)
✔ native state is locally navigated, updated, filtered and disposed (3.3623ms)
✔ unsupported native state is rejected before subscribing (0.7956ms)
✔ synchronous projection ownership conflict survives bootstrap and toggles until a fresh runtime (227.0669ms)
✔ cold start retries persisted preference and deferred host without opening settings (425.5822ms)
✔ late bootstrap preference cannot override a user toggle or revive an unloaded runtime (140.9825ms)
✔ native visibility toggles keep the committed Playhub host mounted (64.956ms)
✔ legacy host without independent visibility never receives suppressing readiness (75.7726ms)
✔ disabling host publishes one atomic restored OFF snapshot (95.1955ms)
✔ failed native restore keeps host ownership and can retry OFF (59.8301ms)
✔ OFF bootstrap, opt-in, commit, OFF release, idempotent unload (55.3995ms)
✔ older bridge cannot acquire or suppress; capability loss restores (129.0216ms)
✔ root failures latch safely until explicit opt-in retry; pagehide restores (64.9038ms)
✔ runtime selects standalone without Shortcuts and switches cooperative ownership (49.8601ms)
✔ a healthy replacement owner clears only the previous owner's failure (99.5142ms)
✔ host component keeps native root and commits before activation; rejects CSS ancestors (137.2995ms)
✔ inactive host is excluded from Steam's child focus graph and browser focus (10.7786ms)
✔ native retained tab and content become inert; rollback restores exact identity and attributes (1.7745ms)
✔ focus rollback does not overwrite later foreign attribute ownership (0.212ms)
✔ Steam FocusRing navigation consumes bottom escape only after internal geometry is exhausted (24.3905ms)
﹣ installed Shortcuts renderer preserves ownership, refresh and detach with native Decky identity (1.0747ms) # SKIP
✔ mounted tab observer sees host-ready removal without native render, input or resize (144.0663ms)
✔ QAM reopen replaces array and DOM with same committed lease; first observer frame is projected (57.8975ms)
✔ reactive bridge wraps native tab consumers only and uses immutable subscribed snapshots (94.3286ms)
✔ projection bridge retries late QAM module once, unpatches idempotently, and stops retained handlers (20.7159ms)
✔ installed Steam tab consumer mounts subscription through retained QAM fiber and actual DFL tree patcher (149.3542ms)
✔ installed Steam tab consumer drops native Decky on preference alone, with no lease acquired (237.9724ms)
✔ late mounted root attaches once and failed unpatch does not skip owned fiber cleanup (37.8723ms)
✔ foreign fiber installed before late attachment is preserved and reports fail-closed conflict (15.2484ms)
✔ old mounted subscriber receives new module content and late old cleanup cannot restore over new owner (90.9493ms)
✔ subscriptions are individually owned and pending old notification reads newest published snapshot (94.0237ms)
✔ new generation focus owner preserves native baseline across late old restore (74.7331ms)
✔ repeated hide preserves a foreign focus baseline changed between writes (30.406ms)
✔ foreign registry remains untouched and bridge fails closed without patching Steam (51.0319ms)
✔ cross-generation component marker prevents nested projection wrappers (65.9836ms)
✔ exact deployed legacy local-store consumer migrates once by wrapper key on native render (101.282ms)
✔ render fault leaves Steam untouched and latches passthrough until reinstallation (16.4447ms)
✔ foreign projection conflict releases the host only after Steam render returns (17.5315ms)
✔ render burst guard disables the projection instead of looping Steam's renderer (42.2912ms)
✔ one tab array yields one store object, so subscribe identity is stable across renders (28.6485ms)
✔ retained Decky sibling wrapper is preserved while projection attaches and cleans up (16.7145ms)
✔ native Decky is suppressed by preference alone, before any host lease is acquired (222.8263ms)
✔ standing suppression keeps Decky reachable and is released on stop (63.2002ms)
✔ a mounted lease still owns suppression and the standing path never double-projects (50.1598ms)
✔ suppression is preference-driven, notifies once per change and fails open without Playhub's tab (90.5693ms)
✔ a renumbered Playhub tab from the current owner is honoured (17.2006ms)
✔ the projection component hides the native tab for any QAM owner, with no lease involved (84.6884ms)
✔ device rows show name/GPU/storage and edition before Windows version (22.8337ms)
✔ unknown capacity remains unavailable instead of an invented zero (17.5399ms)
✔ Device information contains no Windows Update action (18.4334ms)
✔ 12 locales contain device labels and localized error/loading states (4.1803ms)
✔ audio polling preserves a pending microphone draft while updating endpoint readback (10.0301ms)
✔ rapid endpoint selection does not install the earlier acknowledgement (2.5088ms)
✔ input switch cancels microphone debounce before any volume RPC (2.5711ms)
✔ in-flight microphone write completes on old endpoint before input switch; old ack cannot rewrite new state (2.6218ms)
✔ microphone input made during endpoint switch targets only the confirmed new endpoint (2.1355ms)
✔ successful display change opens one modal and blocks overlapping begin (2.2145ms)
✔ failed audio write restores authoritative selection instead of leaving optimistic state (2.2181ms)
✔ audio polling started before a write cannot overwrite its readback (2.0651ms)
✔ real TS handlers/client and Python coordinator apply, read back, keep, rollback and recover lost RPCs (1286.2916ms)
✔ input and output endpoint writes are serialized and preserve the latest full snapshot (2.6311ms)
✔ lost finish response can be retried idempotently without starting another transaction (1.8397ms)
✔ remount reconciles a backend preview without a second begin (2.8371ms)
✔ lost begin response reconciles the applied preview and restores its confirmation (2.1564ms)
✔ lost terminal response eventually releases local busy state after backend becomes idle (2.2752ms)
✔ lost keep response recovers the terminal result without sending an inverse write (1.4582ms)
✔ recovery_required blocks begin until the backend reports idle (1.2315ms)
✔ unavailable transaction status fails closed on first mount (1.0837ms)
✔ late begin response after unmount does not open an orphan modal (3.2926ms)
✔ native Steam levels and gain increase across the whole slider (1.9112ms)
✔ gain is bounded and sound shape remains reflected in the output (1.3616ms)
✔ Steam Controller commands follow live settings and maximum emits two full pulses (185.3219ms)
✔ chapter keeps assigned photograph regardless of chapter position (1.1562ms)
✔ missing assigned image never borrows a different subject or photograph (0.7911ms)
✔ game chapter excludes cover and creator portraits (0.1763ms)
✔ cover is available only when explicitly requested (0.0919ms)
✔ news keeps native row objects and reorders without cloning their contents (1.7511ms)
✔ Audio and Video render directly even if previous categories were collapsed (1.3065ms)
✔ news survives a Steam shelf disappearing during refresh (0.2756ms)
﹣ news titles keep four whole lines and equal cards with broken artwork (0.7549ms) # SKIP
✔ applying Gaming Mode does not rewrite any saved preference (2.5743ms)
✔ Explorer closure is session scoped, bounded, verified and does not alter the shell registry (0.3992ms)
✔ Explorer startup verifies the desktop shell rather than a folder process (0.2034ms)
✔ desktop-exit signal expires and is cleared before another mode switch starts (0.314ms)
✔ live-switch curtain covers application and always hides before gate release (0.2094ms)
✔ desktop app waits for mode completion and does not offer Dashboard disable or test controls (9.2265ms)
✔ animation color previews three channels in a full swatch and hint follows the accent button (0.8612ms)
✔ Explorer autostart and agent launches share a Decky startup lock (1.0233ms)
✔ desktop transition stops Decky before Explorer and only ensures one replacement (3.1112ms)
✔ mode confirmation asks a localized question with Ok and Cancel (2.781ms)
✔ live mode transition reuses configured mode application without changing login defaults (0.4017ms)
✔ QAM and power menu switch commands use translated live labels and never restart (0.3559ms)
✔ en: actual mode buttons retain literal two-line product names (19.2403ms)
✔ it: actual mode buttons retain literal two-line product names (8.2729ms)
✔ es: actual mode buttons retain literal two-line product names (13.0759ms)
✔ fr: actual mode buttons retain literal two-line product names (8.8815ms)
✔ de: actual mode buttons retain literal two-line product names (5.4826ms)
✔ pt: actual mode buttons retain literal two-line product names (8.1306ms)
✔ uk: actual mode buttons retain literal two-line product names (6.5578ms)
✔ zh: actual mode buttons retain literal two-line product names (15.4241ms)
✔ ja: actual mode buttons retain literal two-line product names (10.233ms)
✔ ko: actual mode buttons retain literal two-line product names (5.7166ms)
✔ hi: actual mode buttons retain literal two-line product names (9.4591ms)
✔ ru: actual mode buttons retain literal two-line product names (16.302ms)
✔ mode label calls cannot revive locale-dependent splitting and retain two fixed rows (0.465ms)
✔ versioned guide advances only on native facts and explicit final confirmation (3.7707ms)
✔ the closing slide completes with no visible tab list, so A can never leave it stuck (0.3081ms)
✔ pause/resume and interrupted progress preserve completion semantics (0.3598ms)
✔ portal geometry converts scaled and offset QAM coordinates into its visible local bounds (0.4843ms)
✔ 855px transparent BrowserView clamps coach to actual 300px Steam content pane (1.0147ms)
✔ anchor observer coalesces and cleans old documents without polling (0.4988ms)
✔ coach geometry keeps text region above footer on handheld and desktop (0.2856ms)
✔ hidden native BrowserView schedules readiness on the visible shared renderer, not its suspended rAF (74.128ms)
✔ QAM is only the anchor source; main BPM owns the tooltip and missing bounds hide it (70.2275ms)
✔ pause wins before a pending native selection and subsequent unrelated navigation (45.2417ms)
✔ closing QAM hides current slide without restarting intro; reopening resumes progress (45.1605ms)
✔ runtime waits for QAM, owner anchor and native selection; completes once after presentation (65.5237ms)
✔ disabled Decky stays disabled, B pauses, controller/doc changes refresh and cleanup (42.9845ms)
✔ all twelve locales supply complete distinct copy without fixed controller combinations (33.7772ms)
✔ storage failure, interrupted restart and failed native routing never mark completed (83.9253ms)
✔ onboarding UI uses a transparent nonmodal portal and no global controller interception (0.6316ms)
✔ Store and customization require a separate manual confirmation each (44.5986ms)
✔ Steam guide blocks start and mid-guide actions without completing Playhub (26.0387ms)
✔ intro confirm opens the native QAM but never advances before actual open and correct anchor (34.3285ms)
✔ unstable QAM rejects confirmation even with an old presentation, then accepts stable presentation (43.2341ms)
✔ partially clipped anchors are never used for a coachmark (0.3047ms)
✔ failed QAM open restores visible intro and an old session cannot mutate replay (36.6734ms)
✔ closing QAM before native anchor mounts never resurrects the intro (37.2041ms)
✔ blocked Steam state clears stale bounds while retaining last observed native diagnostics (32.7704ms)
✔ Decky, Store and settings activate before tooltip; held A cannot advance the newly mounted step (60.6478ms)
✔ first step opens actual Home before text regardless of previous tab and waits for mounted content (30.539ms)
✔ synchronous tab commit cannot be overwritten by the outer stale refresh (49.4991ms)
✔ confirm cannot consume a slide first presented synchronously during its readiness refresh (25.0185ms)
✔ visible navigation drives every slide in real order, with readiness and monotone hidden-step progress (0.5007ms)
✔ runtime opens each newly supported tab and waits for its actual content and anchor (75.3895ms)
✔ Steam OK advances customize with one press, closes QAM, and cannot skip the outro while held (34.9021ms)
✔ intro remains visible before dynamic tab markers exist and opening waits for their real order (25.7933ms)
✔ all twelve locales cover the four added tabs and actual settings, preserving approved Home and Decky (7.1356ms)
✔ hidden internal tabs are skipped without changing preferences and QAM close releases temporary selection (9.6088ms)
✔ showcase activates real internal views temporarily without changing persisted selection/hidden tabs (127.3464ms)
✔ content readiness needs mounted, visible content and respects real ancestor clipping (118.3535ms)
✔ ControlCenter uses ephemeral selection and committed content readiness without changing host focus ownership (0.8556ms)
✔ the estimated QAM band is a right-aligned full-height overestimate, or nothing (4.1558ms)
✔ withheld native bounds fall back to an estimated band instead of a captured, empty QAM (71.3833ms)
✔ a viewport too small for a readable band keeps the step withheld rather than misplaced (42.2834ms)
✔ a showcase that can never present hands the QAM back instead of holding it captive (47.089ms)
✔ a presentable step is never mistaken for a stuck showcase (59.4139ms)
✔ the QAM band is measured from Steam's placeholder before any estimate is used (0.7007ms)
✔ a confirmed step holds input until the next slide exists, and never past its timeout (38.0861ms)
✔ the shield is released once the next slide is computed (60.9655ms)
✔ a single input always advances one slide, even pressed before the slide settles (54.3351ms)
✔ a kept press is dropped when the guide moves on or is paused instead of firing later (40.7203ms)
✔ a press lands even when the slide never reports itself as settled (33.8391ms)
✔ a slide that does settle is confirmed at once, without waiting out the grace (45.8267ms)
✔ each view renders only its distinct decorative motif, keyed for mount restart (2.0958ms)
✔ no JS clocks, effects, observers, runtime IO or layout measurement (0.3874ms)
✔ stable responsive region is unframed and inert (0.3188ms)
✔ all keyframes animate only transform and opacity (0.6132ms)
✔ store gathers three sources into one catalogue, distinct from the Store page motif (1.0943ms)
✔ the closing slide uses the wordmark instead of an illustration (0.4469ms)
✔ the caller can scale the region without breaking the narrow-container shrink (0.5571ms)
✔ reduced motion explicitly freezes every motif in a visible static composition (0.3157ms)
✔ every added tab has multiple coordinated semantic moving parts (0.9004ms)
✔ native 855x682 QAM anchors convert from the exact BrowserView into main CSS coordinates (1.4118ms)
✔ different BrowserView scales and offsets are measured, never derived from the 300px controls pane (1.1722ms)
✔ unmeasured or cramped QAM hides the tooltip instead of overlapping or clamping its caret (0.482ms)
✔ native BrowserView lookup binds by QAM document identity and only reads GetBounds (0.9477ms)
✔ unframed text has no pointer, card or extra blur; Store stacking remains isolated (1.2062ms)
✔ actual Store component measures wrapper padding and clips exactly at the real button bottom (130.4796ms)
✔ BrowserView discovery uses committed fibers before Playhub content registers (0.7195ms)
✔ BrowserView discovery is cached across document lookup and bounds reads, invalidated on replacement or mount (0.8094ms)
✔ showcase matrix centers unframed text independently of anchor, within footer boundaries (1.8216ms)
✔ scaled main portal keeps centered text entirely left of native QAM (0.6283ms)
✔ observer ignores own overlays and unrelated assets but retains readiness and mount signals (4.2781ms)
✔ QAM stability requires consecutive visible frames and resets on movement, closure and resize (2.3947ms)
✔ Steam first-run unknown blocks; seen-at-mount cannot release an active tour (1.2383ms)
✔ first-run with no history needs observed lifecycle completion; existing users need known renderer and manager (1.4074ms)
✔ read-only probe checks current committed native renderer, not an independent tour hook (0.4876ms)
✔ native completion subscription is read-only and fully released (5.0779ms)
✔ cached custom QAM chord is controller-specific and rejects complex or stale bindings (1.084ms)
✔ while a slide is on screen the guide owns confirm and back, including matching release (80.9271ms)
✔ a confirm is reported once per fresh press, whatever it is aimed at (61.267ms)
✔ pointer coach and CTA request confirmation once; pause cannot bubble and carried clicks are ignored (145.2161ms)
✔ held A that skips Steam video needs release and a fresh down before onboarding confirmation (41.9277ms)
✔ actual QAM document and dynamic owner tab ID win over main document (35.8052ms)
✔ plugin init/mount/unload and ControlCenter anchors/replay are wired without resume button (1.4311ms)
✔ B cannot leave the guide or open Steam's side menus behind it (30.4719ms)
✔ onboarding follows current loader owner ID across legacy and standalone Decky hosting (39.6199ms)
✔ integration samples QAM stability on animation frames, not reads; movement and close hide immediately (81.0029ms)
✔ Enter requires fresh down/up across documents and readiness, ignores editors and prevents native synthetic click (35.6979ms)
✔ lost Enter release clears on popup blur or detach without advancing (35.4051ms)
✔ native QAM opener times out cleanly and replay/unload cancel pending intro timers (32.0665ms)
✔ the guide still owns input between a confirmed slide and the next one (33.2415ms)
✔ input is bound on every candidate document, not only the selected one (0.4708ms)
✔ real microphone RPC client forwards the expected endpoint without dropping it (74.6812ms)
✔ audio/video dropdowns use full-width native layout without fabricated endpoint defaults (3.8884ms)
✔ actual volume, microphone and brightness handlers preserve conversion and timing (36.8776ms)
✔ onVolume: actual RPC promise blocks overlap and suppresses stale failure (17.6291ms)
✔ onBrightness: actual RPC promise blocks overlap and suppresses stale failure (29.4786ms)
✔ onMicVolume: actual RPC promise blocks overlap and suppresses stale failure (13.8882ms)
✔ rerender retains queued work but uses current callbacks and localized error (23.7023ms)
✔ actual hook cleanup cancels all queued channels and late errors (14.0321ms)
✔ microphone accepts verified readback without replacing other audio fields (30.8918ms)
✔ microphone rejects unconfirmed readback {"ok":false,"input_volume":50} (18.9224ms)
✔ microphone rejects unconfirmed readback {"ok":true,"input_volume":50} (10.3598ms)
✔ microphone rejects unconfirmed readback {"ok":true,"endpoint_id":"mic-b","input_volume":50} (12.8232ms)
✔ microphone rejects unconfirmed readback {} (14.7862ms)
✔ microphone rejects unconfirmed readback null (9.7118ms)
✔ microphone rejects unconfirmed readback {"ok":true} (15.2944ms)
✔ microphone rejects unconfirmed readback {"ok":true,"input_volume":"50"} (10.0337ms)
✔ microphone rejects unconfirmed readback {"ok":true,"input_volume":null} (10.6613ms)
✔ microphone rejects unconfirmed readback {"ok":true,"input_volume":null} (15.0931ms)
✔ microphone rejects unconfirmed readback {"ok":true,"input_volume":-1} (8.1667ms)
✔ microphone rejects unconfirmed readback {"ok":true,"input_volume":101} (9.3601ms)
✔ microphone rejects unconfirmed readback {"ok":true,"input_volume":20} (9.0537ms)
✔ microphone stale success cannot replace newer draft, and late success cannot update after unmount (12.7069ms)
✔ microphone slow failure reconciliation cannot overwrite rapid new input (29.4351ms)
✔ microphone offline failure restores last confirmed value without claiming success (11.5819ms)
✔ controller repeats coalesce only after the last input settles (2.2392ms)
✔ slow writes serialize and stale readback cannot replace newer intent (0.7227ms)
✔ ready latest value starts when in-flight write settles, even on failure (0.755ms)
✔ unmount cancels unsent writes and ignores callbacks already queued by host (0.2473ms)
✔ unmount does not undo an in-flight write or publish its late result (0.3509ms)
✔ resource change cancels queued work and invalidates previous readback (0.3349ms)
✔ superseded host timer cannot flush a newer request early (0.2651ms)
✔ invalid settle duration is rejected (1.0485ms)
✔ every native catalog plugin uses its real desktop JPG, with the existing Shortcuts JPG exception (19.6636ms)
✔ cover fallbacks prefer offline artwork then real catalog/README media before GitHub previews (1.4148ms)
✔ repository media reject schemes and invalid repository/branch values (0.5753ms)
✔ description parser uses a real inert browser DOM and emits reader-compatible Markdown (844.9192ms)
✔ canonical catalog parses without duplicating content and hides the integrated Playhub plugin (45.5203ms)
✔ unsafe catalog entries and download URLs fail closed (0.7453ms)
✔ search, source filters and installed updates are deterministic (2.1733ms)
✔ newest uses the first release even when an older plugin gets an update or joins the catalog (0.5268ms)
✔ featured selection is deterministic, mixes Playhub with the requested Decky plugins and excludes duplicate CSS Loader entries (1.2986ms)
✔ version comparison handles prefixes, prereleases, build metadata and Decky revisions without false updates (1.8421ms)
✔ release resolver prefers the named real ZIP and carries Decky hashes (0.8439ms)
✔ release resolver prefers plugin installers over unrelated and source archives (1.5837ms)
✔ a GitHub tag is ignored until its current release has a compatible installer (0.4062ms)
✔ only the resolved installable release carries its version and notes (0.3953ms)
✔ native Store confirms single installs and does not offer bulk updates (1.0318ms)
✔ native Store never requests a Decky restart or shares restart preferences (0.2059ms)
✔ confirmation controls use localized Store copy (0.2295ms)
✔ native Store has Discover, Search and Manage tabs in that order (2.263ms)
✔ Featured is one controller-driven slide with no timer (0.4256ms)
✔ details group artwork left and metadata right, with activatable media (0.4435ms)
✔ back press suppression survives a detail-to-category remount (0.1659ms)
✔ the Store uses rows only and removes obsolete browse controls (0.6414ms)
✔ sorting is shown at the right and opened with X instead of a focusable dropdown (0.4007ms)
✔ search is compact, has no clear X, no installed-only switch and keeps filters (0.3788ms)
✔ browse rows open details while Manage exposes only icon actions (0.3611ms)
✔ covers and graphical source badges are used in rows, Featured and details (0.1922ms)
✔ detail media follows actions and the reader supports A, B and smooth scrolling (1.0384ms)
✔ filters remain mounted for empty collections and layouts remain bounded (0.486ms)
✔ detail and category back actions stay inside the Store (0.1748ms)
✔ QAM Store has an untitled section and a download animation before the description (0.2361ms)
✔ QAM download animation follows button width rather than description length (0.548ms)
﹣ actual Store clipping edge follows the real button bottom with native wrapper padding (0.1036ms) # Set PLAYHUB_BROWSER_QA=1 for isolated Chromium geometry
✔ install/update requests use Decky's real utility route and action type (47.1656ms)
✔ operation type follows Decky's install semantics (19.5442ms)
✔ operation type matches an installed plugin through its aliases (18.0319ms)
✔ uninstall opens Decky's native confirmation with the loader as receiver (18.7044ms)
✔ uninstall rejects unsafe or empty plugin names before opening a dialog (20.314ms)
✔ uninstall reports when Decky's native confirmation API is unavailable (16.5777ms)
✔ install fails closed when Decky's backend is unavailable (21.3657ms)
✔ installed state is read from Decky's public state (22.0689ms)
✔ install and update requests are serialized while uninstall remains independent (15.8869ms)
✔ global progress is fail-closed while events from multiple plugins overlap (18.4269ms)
✔ native functional observer power menu is injected before its first mount (5.4312ms)
✔ menu already mounted in Steam popup gains both actions (2.0371ms)
✔ menu mounted after installation is patched on its first opening (1.284ms)
✔ Steam popup created after installation is discovered and patched (1.2648ms)
✔ recreated Steam popup receives a fresh idempotent patch (1.3313ms)
✔ plugin reload removes the old patch and reapplies it once (1.537ms)
✔ overlapping reload lifecycles keep one patch until the last cleanup (2.6327ms)
✔ cleanup cancels work, disconnects observers and restores native render (1.2426ms)
✔ 40 menu reconstructions never duplicate actions (5.1907ms)
✔ bound Steam menu render is patched (2.6342ms)
✔ translated native row does not affect token-based discovery (1.6644ms)
✔ ordinary menus stay untouched (1.8621ms)
✔ single restart child gains both actions (4.2063ms)
✔ cold native registry and QAM DOM defer suppression until ready, without duplicate projection (67.2845ms)
✔ older Shortcuts keeps ownership while Playhub hosts and hides Decky (53.4873ms)
✔ standalone first tab, identity, hide/show, cleanup and restart cache (84.7072ms)
✔ bridge takes ownership synchronously, preferences win, and toggle delegates (45.2928ms)
✔ unknown renderer and older Shortcuts are not wrapped (59.7836ms)
✔ boot with Shortcuts disabled preserves Playhub preference true (29.0326ms)
✔ disabling Shortcuts restores standalone, saved=true, stale bridge=false (44.0567ms)
✔ disabling Shortcuts restores standalone, saved=true, stale bridge=true (32.3466ms)
✔ boot with Shortcuts disabled preserves Playhub preference false (26.8034ms)
✔ disabling Shortcuts restores standalone, saved=false, stale bridge=false (32.6234ms)
✔ disabling Shortcuts restores standalone, saved=false, stale bridge=true (21.8078ms)
✔ all twelve locales have dedicated labels (23.1526ms)
✔ standalone host preserves native root, hides only after commit, survives inactive tab and restores (26.1372ms)
✔ standalone host restores original Decky on hidden (31.2363ms)
✔ standalone host restores original Decky on health (21.759ms)
✔ standalone host restores original Decky on root (23.1184ms)
✔ standalone host restores original Decky on unload (16.3139ms)
✔ standalone host restores original Decky on bridge (16.6019ms)
✔ standalone host restores original Decky on render_error (45.1543ms)
✔ a fault in our own render work detaches the hook instead of crashing Steam (11.5054ms)
✔ QAM fields explicitly disable native separators: quickSettings/index.tsx (83.7218ms)
✔ QAM fields explicitly disable native separators: index.tsx (31.6575ms)
✔ QAM fields explicitly disable native separators: PlayhubQamToggle.tsx (2.0991ms)
✔ QAM fields explicitly disable native separators: ControlCenter.tsx (20.415ms)
✔ standalone migration serializes loader shutdown, bounded archive retries and one guarded restart (5.0356ms)
✔ migration retains the old plugin outside Decky scanning and never overwrites user profiles (4.9398ms)
✔ dropdown uses the Controller native DropdownItem pattern and preserves callback (1.1ms)
✔ Audio and Video section names stay separate for twelve locales and Steam aliases (22.8847ms)
﹣ hash-only native Controller structure retains full width, native padding and label alignment (0.1269ms) # SKIP
✔ every RPC the frontend calls exists on the Python plugin (22.5044ms)
✔ the display transaction RPCs are declared, exported and consumed (3.2115ms)
✔ the confirmation dialog offers keep and revert with a countdown (0.6451ms)
✔ a failed audio change reports its own reason, not "no devices" (0.7137ms)
✔ third and fourth default tabs are Video and Audio without rewriting saved tab IDs (126.9652ms)
✔ audio and video route separately; energy profile and RTSS are absent from controls (0.9589ms)
✔ settings hide bumper hints and restore/replay use the same native button style (0.7216ms)
✔ introduction contains no retired power or FPS pitch (0.393ms)
✔ saved order survives a reload and appends newly discovered shortcuts (2.8367ms)
✔ moving to a destination works in both directions (0.263ms)
✔ cancel restores the snapshot without persisting the temporary order (0.1694ms)
✔ malformed persisted values fail closed (0.1372ms)
ℹ tests 405
ℹ suites 0
ℹ pass 396
ℹ fail 0
ℹ cancelled 0
ℹ skipped 9
ℹ todo 0
ℹ duration_ms 2694.5103
